Analyzing gunce...                                              

warning - Unused import: 'package:path_provider/path_provider.dart' - lib\main.dart:4:8 - unused_import
warning - Unused import: 'package:flutter_map/flutter_map.dart' - lib\screens\add_screen.dart:8:8 - unused_import
  error - The method 'getDailyQuestion' isn't defined for the type 'GeminiService' - lib\screens\add_screen.dart:40:44 - undefined_method
   info - 'withOpacity' is deprecated and shouldn't be used. Use .withValues() to avoid precision loss - lib\screens\add_screen.dart:79:48 - deprecated_member_use
   info - 'withOpacity' is deprecated and shouldn't be used. Use .withValues() to avoid precision loss - lib\screens\add_screen.dart:92:82 - deprecated_member_use
   info - 'withOpacity' is deprecated and shouldn't be used. Use .withValues() to avoid precision loss - lib\screens\add_screen.dart:113:96 - deprecated_member_use
  error - The getter 'moods' isn't defined for the type 'MoodColors' - lib\screens\add_screen.dart:119:44 - undefined_getter
   info - 'withOpacity' is deprecated and shouldn't be used. Use .withValues() to avoid precision loss - lib\screens\add_screen.dart:158:102 - deprecated_member_use
   info - 'withOpacity' is deprecated and shouldn't be used. Use .withValues() to avoid precision loss - lib\screens\add_screen.dart:185:39 - deprecated_member_use
   info - 'withOpacity' is deprecated and shouldn't be used. Use .withValues() to avoid precision loss - lib\screens\add_screen.dart:187:66 - deprecated_member_use
   info - 'withOpacity' is deprecated and shouldn't be used. Use .withValues() to avoid precision loss - lib\screens\add_screen.dart:193:49 - deprecated_member_use
   info - 'withOpacity' is deprecated and shouldn't be used. Use .withValues() to avoid precision loss - lib\screens\add_screen.dart:204:42 - deprecated_member_use
   info - 'withOpacity' is deprecated and shouldn't be used. Use .withValues() to avoid precision loss - lib\screens\add_screen.dart:206:61 - deprecated_member_use
   info - 'withOpacity' is deprecated and shouldn't be used. Use .withValues() to avoid precision loss - lib\screens\add_screen.dart:235:66 - deprecated_member_use
   info - 'withOpacity' is deprecated and shouldn't be used. Use .withValues() to avoid precision loss - lib\screens\add_screen.dart:240:94 - deprecated_member_use
   info - 'withOpacity' is deprecated and shouldn't be used. Use .withValues() to avoid precision loss - lib\screens\add_screen.dart:243:109 - deprecated_member_use
   info - 'withOpacity' is deprecated and shouldn't be used. Use .withValues() to avoid precision loss - lib\screens\chat_screen.dart:115:122 - deprecated_member_use
   info - 'withOpacity' is deprecated and shouldn't be used. Use .withValues() to avoid precision loss - lib\screens\chat_screen.dart:147:35 - deprecated_member_use
   info - 'withOpacity' is deprecated and shouldn't be used. Use .withValues() to avoid precision loss - lib\screens\chat_screen.dart:151:72 - deprecated_member_use
   info - 'withOpacity' is deprecated and shouldn't be used. Use .withValues() to avoid precision loss - lib\screens\chat_screen.dart:171:66 - deprecated_member_use
   info - 'withOpacity' is deprecated and shouldn't be used. Use .withValues() to avoid precision loss - lib\screens\chat_screen.dart:188:84 - deprecated_member_use
   info - 'withOpacity' is deprecated and shouldn't be used. Use .withValues() to avoid precision loss - lib\screens\chat_screen.dart:204:62 - deprecated_member_use
   info - 'withOpacity' is deprecated and shouldn't be used. Use .withValues() to avoid precision loss - lib\screens\detail_screen.dart:32:85 - deprecated_member_use
   info - 'withOpacity' is deprecated and shouldn't be used. Use .withValues() to avoid precision loss - lib\screens\detail_screen.dart:57:102 - deprecated_member_use
  error - The argument type 'String?' can't be assigned to the parameter type 'String'.  - lib\screens\detail_screen.dart:60:46 - argument_type_not_assignable
   info - 'withOpacity' is deprecated and shouldn't be used. Use .withValues() to avoid precision loss - lib\screens\detail_screen.dart:90:102 - deprecated_member_use
   info - 'withOpacity' is deprecated and shouldn't be used. Use .withValues() to avoid precision loss - lib\screens\detail_screen.dart:100:56 - deprecated_member_use
   info - 'withOpacity' is deprecated and shouldn't be used. Use .withValues() to avoid precision loss - lib\screens\detail_screen.dart:118:22 - deprecated_member_use
warning - The value of the local variable 'screenWidth' isn't used - lib\screens\home_screen.dart:43:11 - unused_local_variable
   info - 'withOpacity' is deprecated and shouldn't be used. Use .withValues() to avoid precision loss - lib\screens\home_screen.dart:93:62 - deprecated_member_use
   info - 'withOpacity' is deprecated and shouldn't be used. Use .withValues() to avoid precision loss - lib\screens\home_screen.dart:119:62 - deprecated_member_use
   info - 'withOpacity' is deprecated and shouldn't be used. Use .withValues() to avoid precision loss - lib\screens\home_screen.dart:169:106 - deprecated_member_use
   info - 'withOpacity' is deprecated and shouldn't be used. Use .withValues() to avoid precision loss - lib\screens\home_screen.dart:172:92 - deprecated_member_use
   info - 'withOpacity' is deprecated and shouldn't be used. Use .withValues() to avoid precision loss - lib\screens\home_screen.dart:210:60 - deprecated_member_use
   info - 'withOpacity' is deprecated and shouldn't be used. Use .withValues() to avoid precision loss - lib\screens\home_screen.dart:226:54 - deprecated_member_use
   info - 'withOpacity' is deprecated and shouldn't be used. Use .withValues() to avoid precision loss - lib\screens\home_screen.dart:228:75 - deprecated_member_use
   info - 'withOpacity' is deprecated and shouldn't be used. Use .withValues() to avoid precision loss - lib\screens\home_screen.dart:256:70 - deprecated_member_use
   info - 'withOpacity' is deprecated and shouldn't be used. Use .withValues() to avoid precision loss - lib\screens\home_screen.dart:268:68 - deprecated_member_use
   info - 'withOpacity' is deprecated and shouldn't be used. Use .withValues() to avoid precision loss - lib\screens\home_screen.dart:288:22 - deprecated_member_use
   info - 'withOpacity' is deprecated and shouldn't be used. Use .withValues() to avoid precision loss - lib\screens\map_screen.dart:105:53 - deprecated_member_use
   info - 'withOpacity' is deprecated and shouldn't be used. Use .withValues() to avoid precision loss - lib\screens\map_screen.dart:131:53 - deprecated_member_use
   info - Use a 'SizedBox' to add whitespace to a layout - lib\screens\map_screen.dart:139:34 - sized_box_for_whitespace
   info - 'withOpacity' is deprecated and shouldn't be used. Use .withValues() to avoid precision loss - lib\screens\map_screen.dart:157:120 - deprecated_member_use
   info - 'withOpacity' is deprecated and shouldn't be used. Use .withValues() to avoid precision loss - lib\screens\map_screen.dart:161:120 - deprecated_member_use
   info - 'withOpacity' is deprecated and shouldn't be used. Use .withValues() to avoid precision loss - lib\screens\map_screen.dart:187:52 - deprecated_member_use
   info - 'withOpacity' is deprecated and shouldn't be used. Use .withValues() to avoid precision loss - lib\screens\map_screen.dart:198:45 - deprecated_member_use
   info - 'withOpacity' is deprecated and shouldn't be used. Use .withValues() to avoid precision loss - lib\screens\map_screen.dart:221:43 - deprecated_member_use
   info - 'withOpacity' is deprecated and shouldn't be used. Use .withValues() to avoid precision loss - lib\screens\profile_screen.dart:57:47 - deprecated_member_use
   info - 'withOpacity' is deprecated and shouldn't be used. Use .withValues() to avoid precision loss - lib\screens\profile_screen.dart:113:102 - deprecated_member_use
   info - 'withOpacity' is deprecated and shouldn't be used. Use .withValues() to avoid precision loss - lib\screens\profile_screen.dart:122:49 - deprecated_member_use
   info - 'withOpacity' is deprecated and shouldn't be used. Use .withValues() to avoid precision loss - lib\screens\profile_screen.dart:131:119 - deprecated_member_use
   info - 'withOpacity' is deprecated and shouldn't be used. Use .withValues() to avoid precision loss - lib\screens\search_screen.dart:37:77 - deprecated_member_use
   info - 'withOpacity' is deprecated and shouldn't be used. Use .withValues() to avoid precision loss - lib\screens\search_screen.dart:47:64 - deprecated_member_use
   info - 'withOpacity' is deprecated and shouldn't be used. Use .withValues() to avoid precision loss - lib\screens\search_screen.dart:70:75 - deprecated_member_use
   info - 'withOpacity' is deprecated and shouldn't be used. Use .withValues() to avoid precision loss - lib\screens\search_screen.dart:72:55 - deprecated_member_use
   info - 'withOpacity' is deprecated and shouldn't be used. Use .withValues() to avoid precision loss - lib\screens\search_screen.dart:81:90 - deprecated_member_use
   info - 'withOpacity' is deprecated and shouldn't be used. Use .withValues() to avoid precision loss - lib\screens\search_screen.dart:105:88 - deprecated_member_use
   info - 'withOpacity' is deprecated and shouldn't be used. Use .withValues() to avoid precision loss - lib\screens\search_screen.dart:114:88 - deprecated_member_use
   info - 'withOpacity' is deprecated and shouldn't be used. Use .withValues() to avoid precision loss - lib\screens\search_screen.dart:149:58 - deprecated_member_use
   info - 'withOpacity' is deprecated and shouldn't be used. Use .withValues() to avoid precision loss - lib\screens\search_screen.dart:164:60 - deprecated_member_use
   info - 'withOpacity' is deprecated and shouldn't be used. Use .withValues() to avoid precision loss - lib\screens\search_screen.dart:175:96 - deprecated_member_use
   info - 'withOpacity' is deprecated and shouldn't be used. Use .withValues() to avoid precision loss - lib\screens\search_screen.dart:183:84 - deprecated_member_use
   info - 'withOpacity' is deprecated and shouldn't be used. Use .withValues() to avoid precision loss - lib\screens\settings_screen.dart:107:49 - deprecated_member_use
   info - 'withOpacity' is deprecated and shouldn't be used. Use .withValues() to avoid precision loss - lib\screens\settings_screen.dart:198:119 - deprecated_member_use
   info - 'withOpacity' is deprecated and shouldn't be used. Use .withValues() to avoid precision loss - lib\screens\settings_screen.dart:206:113 - deprecated_member_use
   info - 'withOpacity' is deprecated and shouldn't be used. Use .withValues() to avoid precision loss - lib\screens\settings_screen.dart:207:146 - deprecated_member_use
warning - The value of the field '_scale' isn't used - lib\screens\splash_screen.dart:19:26 - unused_field
   info - 'withOpacity' is deprecated and shouldn't be used. Use .withValues() to avoid precision loss - lib\screens\splash_screen.dart:102:44 - deprecated_member_use
   info - 'withOpacity' is deprecated and shouldn't be used. Use .withValues() to avoid precision loss - lib\screens\splash_screen.dart:120:33 - deprecated_member_use
   info - 'withOpacity' is deprecated and shouldn't be used. Use .withValues() to avoid precision loss - lib\screens\splash_screen.dart:137:33 - deprecated_member_use
   info - 'withOpacity' is deprecated and shouldn't be used. Use .withValues() to avoid precision loss - lib\screens\splash_screen.dart:174:58 - deprecated_member_use
   info - 'withOpacity' is deprecated and shouldn't be used. Use .withValues() to avoid precision loss - lib\screens\splash_screen.dart:180:56 - deprecated_member_use
   info - 'withOpacity' is deprecated and shouldn't be used. Use .withValues() to avoid precision loss - lib\screens\splash_screen.dart:230:39 - deprecated_member_use
   info - 'withOpacity' is deprecated and shouldn't be used. Use .withValues() to avoid precision loss - lib\screens\stats_screen.dart:60:68 - deprecated_member_use
   info - 'withOpacity' is deprecated and shouldn't be used. Use .withValues() to avoid precision loss - lib\screens\stats_screen.dart:81:64 - deprecated_member_use
   info - 'withOpacity' is deprecated and shouldn't be used. Use .withValues() to avoid precision loss - lib\screens\stats_screen.dart:89:47 - deprecated_member_use
   info - 'withOpacity' is deprecated and shouldn't be used. Use .withValues() to avoid precision loss - lib\screens\stats_screen.dart:99:89 - deprecated_member_use
   info - 'withOpacity' is deprecated and shouldn't be used. Use .withValues() to avoid precision loss - lib\screens\stats_screen.dart:108:93 - deprecated_member_use
   info - 'withOpacity' is deprecated and shouldn't be used. Use .withValues() to avoid precision loss - lib\screens\stats_screen.dart:155:41 - deprecated_member_use
   info - 'withOpacity' is deprecated and shouldn't be used. Use .withValues() to avoid precision loss - lib\screens\stats_screen.dart:161:69 - deprecated_member_use
   info - 'withOpacity' is deprecated and shouldn't be used. Use .withValues() to avoid precision loss - lib\screens\stats_screen.dart:174:62 - deprecated_member_use
   info - 'withOpacity' is deprecated and shouldn't be used. Use .withValues() to avoid precision loss - lib\screens\stats_screen.dart:190:43 - deprecated_member_use
   info - 'withOpacity' is deprecated and shouldn't be used. Use .withValues() to avoid precision loss - lib\screens\stats_screen.dart:208:66 - deprecated_member_use
   info - 'withOpacity' is deprecated and shouldn't be used. Use .withValues() to avoid precision loss - lib\screens\stats_screen.dart:231:69 - deprecated_member_use
   info - 'withOpacity' is deprecated and shouldn't be used. Use .withValues() to avoid precision loss - lib\screens\stats_screen.dart:237:52 - deprecated_member_use
   info - 'withOpacity' is deprecated and shouldn't be used. Use .withValues() to avoid precision loss - lib\screens\stats_screen.dart:253:73 - deprecated_member_use
   info - 'withOpacity' is deprecated and shouldn't be used. Use .withValues() to avoid precision loss - lib\screens\stats_screen.dart:276:54 - deprecated_member_use
   info - 'withOpacity' is deprecated and shouldn't be used. Use .withValues() to avoid precision loss - lib\screens\stats_screen.dart:278:66 - deprecated_member_use
   info - 'withOpacity' is deprecated and shouldn't be used. Use .withValues() to avoid precision loss - lib\screens\stats_screen.dart:280:41 - deprecated_member_use
   info - 'withOpacity' is deprecated and shouldn't be used. Use .withValues() to avoid precision loss - lib\screens\stats_screen.dart:294:54 - deprecated_member_use
   info - 'withOpacity' is deprecated and shouldn't be used. Use .withValues() to avoid precision loss - lib\screens\stats_screen.dart:328:86 - deprecated_member_use
   info - 'withOpacity' is deprecated and shouldn't be used. Use .withValues() to avoid precision loss - lib\screens\stats_screen.dart:343:54 - deprecated_member_use
   info - 'withOpacity' is deprecated and shouldn't be used. Use .withValues() to avoid precision loss - lib\screens\stats_screen.dart:393:117 - deprecated_member_use
   info - 'withOpacity' is deprecated and shouldn't be used. Use .withValues() to avoid precision loss - lib\screens\stats_screen.dart:410:41 - deprecated_member_use
   info - 'withOpacity' is deprecated and shouldn't be used. Use .withValues() to avoid precision loss - lib\screens\stats_screen.dart:451:131 - deprecated_member_use
   info - 'withOpacity' is deprecated and shouldn't be used. Use .withValues() to avoid precision loss - lib\screens\stats_screen.dart:459:61 - deprecated_member_use
   info - 'withOpacity' is deprecated and shouldn't be used. Use .withValues() to avoid precision loss - lib\screens\themes_screen.dart:65:39 - deprecated_member_use
   info - 'withOpacity' is deprecated and shouldn't be used. Use .withValues() to avoid precision loss - lib\screens\themes_screen.dart:68:74 - deprecated_member_use
   info - 'withOpacity' is deprecated and shouldn't be used. Use .withValues() to avoid precision loss - lib\screens\themes_screen.dart:72:38 - deprecated_member_use
   info - 'withOpacity' is deprecated and shouldn't be used. Use .withValues() to avoid precision loss - lib\screens\themes_screen.dart:97:108 - deprecated_member_use
   info - 'withOpacity' is deprecated and shouldn't be used. Use .withValues() to avoid precision loss - lib\screens\zen_garden_screen.dart:68:45 - deprecated_member_use
   info - 'withOpacity' is deprecated and shouldn't be used. Use .withValues() to avoid precision loss - lib\screens\zen_garden_screen.dart:105:58 - deprecated_member_use
   info - 'withOpacity' is deprecated and shouldn't be used. Use .withValues() to avoid precision loss - lib\screens\zen_garden_screen.dart:172:30 - deprecated_member_use
   info - 'withOpacity' is deprecated and shouldn't be used. Use .withValues() to avoid precision loss - lib\screens\zen_garden_screen.dart:177:27 - deprecated_member_use
   info - 'withOpacity' is deprecated and shouldn't be used. Use .withValues() to avoid precision loss - lib\utils\app_theme.dart:24:43 - deprecated_member_use
   info - 'withOpacity' is deprecated and shouldn't be used. Use .withValues() to avoid precision loss - lib\utils\app_theme.dart:37:54 - deprecated_member_use
   info - 'withOpacity' is deprecated and shouldn't be used. Use .withValues() to avoid precision loss - lib\utils\app_theme.dart:39:54 - deprecated_member_use
warning - Dead code - lib\utils\app_theme.dart:145:5 - dead_code
   info - 'withOpacity' is deprecated and shouldn't be used. Use .withValues() to avoid precision loss - lib\widgets\day_tile.dart:37:46 - deprecated_member_use
   info - 'withOpacity' is deprecated and shouldn't be used. Use .withValues() to avoid precision loss - lib\widgets\side_menu.dart:43:79 - deprecated_member_use
   info - 'withOpacity' is deprecated and shouldn't be used. Use .withValues() to avoid precision loss - lib\widgets\side_menu.dart:47:70 - deprecated_member_use
   info - 'withOpacity' is deprecated and shouldn't be used. Use .withValues() to avoid precision loss - lib\widgets\side_menu.dart:53:113 - deprecated_member_use
   info - 'withOpacity' is deprecated and shouldn't be used. Use .withValues() to avoid precision loss - lib\widgets\side_menu.dart:84:141 - deprecated_member_use
   info - 'withOpacity' is deprecated and shouldn't be used. Use .withValues() to avoid precision loss - lib\widgets\side_menu.dart:105:70 - deprecated_member_use
   info - 'withOpacity' is deprecated and shouldn't be used. Use .withValues() to avoid precision loss - lib\widgets\side_menu.dart:109:115 - deprecated_member_use
   info - 'withOpacity' is deprecated and shouldn't be used. Use .withValues() to avoid precision loss - lib\widgets\side_menu.dart:110:98 - deprecated_member_use

